// Jest Snapshot v1, https://goo.gl/fbAQLP

exports[`renders without crashing 1`] = `
<div
  className="App"
>
  <div
    className="App-intro"
  >
    This is a test
  </p>
  <CreateEvent />
  </div>
  <UserSignup />
</div>
`;
