// Jest Snapshot v1, https://goo.gl/fbAQLP

exports[`renders the home component of the app  1`] = `
<div
  className="container"
>
  <Responsive
    as={[Function]}
    getWidth={[Function]}
    minWidth={768}
  >
    <GridColumn
      width={8}
    >
      <h1>
        logo container
      </h1>
    </GridColumn>
    <GridColumn
      width={8}
    >
      <UserSignup
        loadComponent={[Function]}
      />
    </GridColumn>
  </Responsive>
  <Responsive
    as={[Function]}
    getWidth={[Function]}
    maxWidth={767}
    minWidth={320}
  >
    <GridRow>
      <GridColumn>
        <h1>
          logo container
        </h1>
      </GridColumn>
    </GridRow>
    <GridRow>
      <GridColumn>
        <UserSignup />
      </GridColumn>
    </GridRow>
  </Responsive>
</div>
`;
